
===========================================================================
report_checks -path_delay min (Hold)
============================================================================
Startpoint: gpio_defaults[12] (input port clocked by serial_clock)
Endpoint: _168_ (removal check against falling-edge clock serial_load')
Path Group: **async_default**
Path Type: min

Fanout     Cap    Slew   Delay    Time   Description
-----------------------------------------------------------------------------
                  0.15    0.00    0.00   clock serial_clock (rise edge)
                          0.00    0.00   clock network delay (ideal)
                          1.00    1.00 v input external delay
                  0.01    0.01    1.01 v gpio_defaults[12] (in)
     2    0.00                           gpio_defaults[12] (net)
                  0.01    0.00    1.01 v _145_/B (sky130_fd_sc_hd__nand2_1)
                  0.05    0.05    1.06 ^ _145_/Y (sky130_fd_sc_hd__nand2_1)
     1    0.00                           _021_ (net)
                  0.05    0.00    1.06 ^ _168_/SET_B (sky130_fd_sc_hd__dfbbn_1)
                                  1.06   data arrival time

                  0.15    0.00    0.00   clock serial_load' (fall edge)
                          0.00    0.00   clock network delay (ideal)
                          0.20    0.20   clock uncertainty
                          0.00    0.20   clock reconvergence pessimism
                                  0.20 v _168_/CLK_N (sky130_fd_sc_hd__dfbbn_1)
                          0.11    0.31   library removal time
                                  0.31   data required time
-----------------------------------------------------------------------------
                                  0.31   data required time
                                 -1.06   data arrival time
-----------------------------------------------------------------------------
                                  0.75   slack (MET)


Startpoint: gpio_defaults[9] (input port clocked by serial_clock)
Endpoint: _162_ (removal check against falling-edge clock serial_load')
Path Group: **async_default**
Path Type: min

Fanout     Cap    Slew   Delay    Time   Description
-----------------------------------------------------------------------------
                  0.15    0.00    0.00   clock serial_clock (rise edge)
                          0.00    0.00   clock network delay (ideal)
                          1.00    1.00 v input external delay
                  0.01    0.01    1.01 v gpio_defaults[9] (in)
     2    0.01                           gpio_defaults[9] (net)
                  0.01    0.00    1.01 v _121_/B (sky130_fd_sc_hd__nand2_1)
                  0.05    0.06    1.06 ^ _121_/Y (sky130_fd_sc_hd__nand2_1)
     1    0.00                           _009_ (net)
                  0.05    0.00    1.06 ^ _162_/SET_B (sky130_fd_sc_hd__dfbbn_1)
                                  1.06   data arrival time

                  0.15    0.00    0.00   clock serial_load' (fall edge)
                          0.00    0.00   clock network delay (ideal)
                          0.20    0.20   clock uncertainty
                          0.00    0.20   clock reconvergence pessimism
                                  0.20 v _162_/CLK_N (sky130_fd_sc_hd__dfbbn_1)
                          0.11    0.31   library removal time
                                  0.31   data required time
-----------------------------------------------------------------------------
                                  0.31   data required time
                                 -1.06   data arrival time
-----------------------------------------------------------------------------
                                  0.75   slack (MET)


Startpoint: gpio_defaults[10] (input port clocked by serial_clock)
Endpoint: _166_ (removal check against falling-edge clock serial_load')
Path Group: **async_default**
Path Type: min

Fanout     Cap    Slew   Delay    Time   Description
-----------------------------------------------------------------------------
                  0.15    0.00    0.00   clock serial_clock (rise edge)
                          0.00    0.00   clock network delay (ideal)
                          1.00    1.00 v input external delay
                  0.02    0.01    1.01 v gpio_defaults[10] (in)
     2    0.01                           gpio_defaults[10] (net)
                  0.02    0.00    1.01 v _137_/B (sky130_fd_sc_hd__nand2_1)
                  0.05    0.05    1.06 ^ _137_/Y (sky130_fd_sc_hd__nand2_1)
     1    0.00                           _017_ (net)
                  0.05    0.00    1.06 ^ _166_/SET_B (sky130_fd_sc_hd__dfbbn_1)
                                  1.06   data arrival time

                  0.15    0.00    0.00   clock serial_load' (fall edge)
                          0.00    0.00   clock network delay (ideal)
                          0.20    0.20   clock uncertainty
                          0.00    0.20   clock reconvergence pessimism
                                  0.20 v _166_/CLK_N (sky130_fd_sc_hd__dfbbn_1)
                          0.11    0.31   library removal time
                                  0.31   data required time
-----------------------------------------------------------------------------
                                  0.31   data required time
                                 -1.06   data arrival time
-----------------------------------------------------------------------------
                                  0.75   slack (MET)


Startpoint: gpio_defaults[0] (input port clocked by serial_clock)
Endpoint: _159_ (removal check against falling-edge clock serial_load')
Path Group: **async_default**
Path Type: min

Fanout     Cap    Slew   Delay    Time   Description
-----------------------------------------------------------------------------
                  0.15    0.00    0.00   clock serial_clock (rise edge)
                          0.00    0.00   clock network delay (ideal)
                          1.00    1.00 v input external delay
                  0.01    0.01    1.01 v gpio_defaults[0] (in)
     2    0.01                           gpio_defaults[0] (net)
                  0.01    0.00    1.01 v _109_/B (sky130_fd_sc_hd__nand2_1)
                  0.05    0.06    1.07 ^ _109_/Y (sky130_fd_sc_hd__nand2_1)
     1    0.00                           _003_ (net)
                  0.05    0.00    1.07 ^ _159_/SET_B (sky130_fd_sc_hd__dfbbn_1)
                                  1.07   data arrival time

                  0.15    0.00    0.00   clock serial_load' (fall edge)
                          0.00    0.00   clock network delay (ideal)
                          0.20    0.20   clock uncertainty
                          0.00    0.20   clock reconvergence pessimism
                                  0.20 v _159_/CLK_N (sky130_fd_sc_hd__dfbbn_1)
                          0.11    0.31   library removal time
                                  0.31   data required time
-----------------------------------------------------------------------------
                                  0.31   data required time
                                 -1.07   data arrival time
-----------------------------------------------------------------------------
                                  0.75   slack (MET)


Startpoint: gpio_defaults[1] (input port clocked by serial_clock)
Endpoint: _165_ (removal check against falling-edge clock serial_load')
Path Group: **async_default**
Path Type: min

Fanout     Cap    Slew   Delay    Time   Description
-----------------------------------------------------------------------------
                  0.15    0.00    0.00   clock serial_clock (rise edge)
                          0.00    0.00   clock network delay (ideal)
                          1.00    1.00 v input external delay
                  0.01    0.01    1.01 v gpio_defaults[1] (in)
     2    0.01                           gpio_defaults[1] (net)
                  0.01    0.00    1.01 v _133_/B (sky130_fd_sc_hd__nand2_1)
                  0.05    0.06    1.07 ^ _133_/Y (sky130_fd_sc_hd__nand2_1)
     1    0.00                           _015_ (net)
                  0.05    0.00    1.07 ^ _165_/SET_B (sky130_fd_sc_hd__dfbbn_1)
                                  1.07   data arrival time

                  0.15    0.00    0.00   clock serial_load' (fall edge)
                          0.00    0.00   clock network delay (ideal)
                          0.20    0.20   clock uncertainty
                          0.00    0.20   clock reconvergence pessimism
                                  0.20 v _165_/CLK_N (sky130_fd_sc_hd__dfbbn_1)
                          0.11    0.31   library removal time
                                  0.31   data required time
-----------------------------------------------------------------------------
                                  0.31   data required time
                                 -1.07   data arrival time
-----------------------------------------------------------------------------
                                  0.76   slack (MET)


Startpoint: _178_ (rising edge-triggered flip-flop clocked by serial_clock)
Endpoint: _179_ (rising edge-triggered flip-flop clocked by serial_clock)
Path Group: serial_clock
Path Type: min

Fanout     Cap    Slew   Delay    Time   Description
-----------------------------------------------------------------------------
                  0.15    0.00    0.00   clock serial_clock (rise edge)
                          0.00    0.00   clock network delay (ideal)
                  0.15    0.00    0.00 ^ _178_/CLK (sky130_fd_sc_hd__dfrtp_1)
                  0.06    0.35    0.35 ^ _178_/Q (sky130_fd_sc_hd__dfrtp_1)
     2    0.00                           shift_register[6] (net)
                  0.06    0.00    0.35 ^ _179_/D (sky130_fd_sc_hd__dfrtp_1)
                                  0.35   data arrival time

                  0.15    0.00    0.00   clock serial_clock (rise edge)
                          0.00    0.00   clock network delay (ideal)
                          0.20    0.20   clock uncertainty
                          0.00    0.20   clock reconvergence pessimism
                                  0.20 ^ _179_/CLK (sky130_fd_sc_hd__dfrtp_1)
                         -0.02    0.18   library hold time
                                  0.18   data required time
-----------------------------------------------------------------------------
                                  0.18   data required time
                                 -0.35   data arrival time
-----------------------------------------------------------------------------
                                  0.17   slack (MET)


Startpoint: _182_ (rising edge-triggered flip-flop clocked by serial_clock)
Endpoint: _183_ (rising edge-triggered flip-flop clocked by serial_clock)
Path Group: serial_clock
Path Type: min

Fanout     Cap    Slew   Delay    Time   Description
-----------------------------------------------------------------------------
                  0.15    0.00    0.00   clock serial_clock (rise edge)
                          0.00    0.00   clock network delay (ideal)
                  0.15    0.00    0.00 ^ _182_/CLK (sky130_fd_sc_hd__dfrtp_1)
                  0.06    0.35    0.35 ^ _182_/Q (sky130_fd_sc_hd__dfrtp_1)
     2    0.00                           shift_register[10] (net)
                  0.06    0.00    0.35 ^ _183_/D (sky130_fd_sc_hd__dfrtp_1)
                                  0.35   data arrival time

                  0.15    0.00    0.00   clock serial_clock (rise edge)
                          0.00    0.00   clock network delay (ideal)
                          0.20    0.20   clock uncertainty
                          0.00    0.20   clock reconvergence pessimism
                                  0.20 ^ _183_/CLK (sky130_fd_sc_hd__dfrtp_1)
                         -0.02    0.18   library hold time
                                  0.18   data required time
-----------------------------------------------------------------------------
                                  0.18   data required time
                                 -0.35   data arrival time
-----------------------------------------------------------------------------
                                  0.17   slack (MET)


Startpoint: _173_ (rising edge-triggered flip-flop clocked by serial_clock)
Endpoint: _174_ (rising edge-triggered flip-flop clocked by serial_clock)
Path Group: serial_clock
Path Type: min

Fanout     Cap    Slew   Delay    Time   Description
-----------------------------------------------------------------------------
                  0.15    0.00    0.00   clock serial_clock (rise edge)
                          0.00    0.00   clock network delay (ideal)
                  0.15    0.00    0.00 ^ _173_/CLK (sky130_fd_sc_hd__dfrtp_1)
                  0.06    0.35    0.35 ^ _173_/Q (sky130_fd_sc_hd__dfrtp_1)
     2    0.00                           shift_register[1] (net)
                  0.06    0.00    0.35 ^ _174_/D (sky130_fd_sc_hd__dfrtp_1)
                                  0.35   data arrival time

                  0.15    0.00    0.00   clock serial_clock (rise edge)
                          0.00    0.00   clock network delay (ideal)
                          0.20    0.20   clock uncertainty
                          0.00    0.20   clock reconvergence pessimism
                                  0.20 ^ _174_/CLK (sky130_fd_sc_hd__dfrtp_1)
                         -0.02    0.18   library hold time
                                  0.18   data required time
-----------------------------------------------------------------------------
                                  0.18   data required time
                                 -0.35   data arrival time
-----------------------------------------------------------------------------
                                  0.17   slack (MET)


Startpoint: _183_ (rising edge-triggered flip-flop clocked by serial_clock)
Endpoint: _184_ (rising edge-triggered flip-flop clocked by serial_clock)
Path Group: serial_clock
Path Type: min

Fanout     Cap    Slew   Delay    Time   Description
-----------------------------------------------------------------------------
                  0.15    0.00    0.00   clock serial_clock (rise edge)
                          0.00    0.00   clock network delay (ideal)
                  0.15    0.00    0.00 ^ _183_/CLK (sky130_fd_sc_hd__dfrtp_1)
                  0.06    0.35    0.35 ^ _183_/Q (sky130_fd_sc_hd__dfrtp_1)
     2    0.01                           shift_register[11] (net)
                  0.06    0.00    0.35 ^ _184_/D (sky130_fd_sc_hd__dfrtp_1)
                                  0.35   data arrival time

                  0.15    0.00    0.00   clock serial_clock (rise edge)
                          0.00    0.00   clock network delay (ideal)
                          0.20    0.20   clock uncertainty
                          0.00    0.20   clock reconvergence pessimism
                                  0.20 ^ _184_/CLK (sky130_fd_sc_hd__dfrtp_1)
                         -0.02    0.18   library hold time
                                  0.18   data required time
-----------------------------------------------------------------------------
                                  0.18   data required time
                                 -0.35   data arrival time
-----------------------------------------------------------------------------
                                  0.17   slack (MET)


Startpoint: _177_ (rising edge-triggered flip-flop clocked by serial_clock)
Endpoint: _178_ (rising edge-triggered flip-flop clocked by serial_clock)
Path Group: serial_clock
Path Type: min

Fanout     Cap    Slew   Delay    Time   Description
-----------------------------------------------------------------------------
                  0.15    0.00    0.00   clock serial_clock (rise edge)
                          0.00    0.00   clock network delay (ideal)
                  0.15    0.00    0.00 ^ _177_/CLK (sky130_fd_sc_hd__dfrtp_1)
                  0.07    0.35    0.35 ^ _177_/Q (sky130_fd_sc_hd__dfrtp_1)
     2    0.01                           shift_register[5] (net)
                  0.07    0.00    0.35 ^ _178_/D (sky130_fd_sc_hd__dfrtp_1)
                                  0.35   data arrival time

                  0.15    0.00    0.00   clock serial_clock (rise edge)
                          0.00    0.00   clock network delay (ideal)
                          0.20    0.20   clock uncertainty
                          0.00    0.20   clock reconvergence pessimism
                                  0.20 ^ _178_/CLK (sky130_fd_sc_hd__dfrtp_1)
                         -0.03    0.17   library hold time
                                  0.17   data required time
-----------------------------------------------------------------------------
                                  0.17   data required time
                                 -0.35   data arrival time
-----------------------------------------------------------------------------
                                  0.18   slack (MET)


Startpoint: _184_ (rising edge-triggered flip-flop clocked by serial_clock)
Endpoint: _168_ (falling edge-triggered flip-flop clocked by serial_load')
Path Group: serial_load
Path Type: min

Fanout     Cap    Slew   Delay    Time   Description
-----------------------------------------------------------------------------
                  0.15    0.00    0.00   clock serial_clock (rise edge)
                          0.00    0.00   clock network delay (ideal)
                  0.15    0.00    0.00 ^ _184_/CLK (sky130_fd_sc_hd__dfrtp_1)
                  0.06    0.35    0.35 ^ _184_/Q (sky130_fd_sc_hd__dfrtp_1)
     2    0.00                           shift_register[12] (net)
                  0.06    0.00    0.35 ^ _168_/D (sky130_fd_sc_hd__dfbbn_1)
                                  0.35   data arrival time

                  0.15    0.00    0.00   clock serial_load' (fall edge)
                          0.00    0.00   clock network delay (ideal)
                          0.20    0.20   clock uncertainty
                          0.00    0.20   clock reconvergence pessimism
                                  0.20 v _168_/CLK_N (sky130_fd_sc_hd__dfbbn_1)
                          0.09    0.29   library hold time
                                  0.29   data required time
-----------------------------------------------------------------------------
                                  0.29   data required time
                                 -0.35   data arrival time
-----------------------------------------------------------------------------
                                  0.06   slack (MET)


Startpoint: _178_ (rising edge-triggered flip-flop clocked by serial_clock)
Endpoint: _170_ (falling edge-triggered flip-flop clocked by serial_load')
Path Group: serial_load
Path Type: min

Fanout     Cap    Slew   Delay    Time   Description
-----------------------------------------------------------------------------
                  0.15    0.00    0.00   clock serial_clock (rise edge)
                          0.00    0.00   clock network delay (ideal)
                  0.15    0.00    0.00 ^ _178_/CLK (sky130_fd_sc_hd__dfrtp_1)
                  0.06    0.35    0.35 ^ _178_/Q (sky130_fd_sc_hd__dfrtp_1)
     2    0.00                           shift_register[6] (net)
                  0.06    0.00    0.35 ^ _170_/D (sky130_fd_sc_hd__dfbbn_1)
                                  0.35   data arrival time

                  0.15    0.00    0.00   clock serial_load' (fall edge)
                          0.00    0.00   clock network delay (ideal)
                          0.20    0.20   clock uncertainty
                          0.00    0.20   clock reconvergence pessimism
                                  0.20 v _170_/CLK_N (sky130_fd_sc_hd__dfbbn_1)
                          0.09    0.29   library hold time
                                  0.29   data required time
-----------------------------------------------------------------------------
                                  0.29   data required time
                                 -0.35   data arrival time
-----------------------------------------------------------------------------
                                  0.06   slack (MET)


Startpoint: _182_ (rising edge-triggered flip-flop clocked by serial_clock)
Endpoint: _166_ (falling edge-triggered flip-flop clocked by serial_load')
Path Group: serial_load
Path Type: min

Fanout     Cap    Slew   Delay    Time   Description
-----------------------------------------------------------------------------
                  0.15    0.00    0.00   clock serial_clock (rise edge)
                          0.00    0.00   clock network delay (ideal)
                  0.15    0.00    0.00 ^ _182_/CLK (sky130_fd_sc_hd__dfrtp_1)
                  0.06    0.35    0.35 ^ _182_/Q (sky130_fd_sc_hd__dfrtp_1)
     2    0.00                           shift_register[10] (net)
                  0.06    0.00    0.35 ^ _166_/D (sky130_fd_sc_hd__dfbbn_1)
                                  0.35   data arrival time

                  0.15    0.00    0.00   clock serial_load' (fall edge)
                          0.00    0.00   clock network delay (ideal)
                          0.20    0.20   clock uncertainty
                          0.00    0.20   clock reconvergence pessimism
                                  0.20 v _166_/CLK_N (sky130_fd_sc_hd__dfbbn_1)
                          0.09    0.29   library hold time
                                  0.29   data required time
-----------------------------------------------------------------------------
                                  0.29   data required time
                                 -0.35   data arrival time
-----------------------------------------------------------------------------
                                  0.06   slack (MET)


Startpoint: _173_ (rising edge-triggered flip-flop clocked by serial_clock)
Endpoint: _165_ (falling edge-triggered flip-flop clocked by serial_load')
Path Group: serial_load
Path Type: min

Fanout     Cap    Slew   Delay    Time   Description
-----------------------------------------------------------------------------
                  0.15    0.00    0.00   clock serial_clock (rise edge)
                          0.00    0.00   clock network delay (ideal)
                  0.15    0.00    0.00 ^ _173_/CLK (sky130_fd_sc_hd__dfrtp_1)
                  0.06    0.35    0.35 ^ _173_/Q (sky130_fd_sc_hd__dfrtp_1)
     2    0.00                           shift_register[1] (net)
                  0.06    0.00    0.35 ^ _165_/D (sky130_fd_sc_hd__dfbbn_1)
                                  0.35   data arrival time

                  0.15    0.00    0.00   clock serial_load' (fall edge)
                          0.00    0.00   clock network delay (ideal)
                          0.20    0.20   clock uncertainty
                          0.00    0.20   clock reconvergence pessimism
                                  0.20 v _165_/CLK_N (sky130_fd_sc_hd__dfbbn_1)
                          0.09    0.29   library hold time
                                  0.29   data required time
-----------------------------------------------------------------------------
                                  0.29   data required time
                                 -0.35   data arrival time
-----------------------------------------------------------------------------
                                  0.06   slack (MET)


Startpoint: _183_ (rising edge-triggered flip-flop clocked by serial_clock)
Endpoint: _167_ (falling edge-triggered flip-flop clocked by serial_load')
Path Group: serial_load
Path Type: min

Fanout     Cap    Slew   Delay    Time   Description
-----------------------------------------------------------------------------
                  0.15    0.00    0.00   clock serial_clock (rise edge)
                          0.00    0.00   clock network delay (ideal)
                  0.15    0.00    0.00 ^ _183_/CLK (sky130_fd_sc_hd__dfrtp_1)
                  0.06    0.35    0.35 ^ _183_/Q (sky130_fd_sc_hd__dfrtp_1)
     2    0.01                           shift_register[11] (net)
                  0.06    0.00    0.35 ^ _167_/D (sky130_fd_sc_hd__dfbbn_1)
                                  0.35   data arrival time

                  0.15    0.00    0.00   clock serial_load' (fall edge)
                          0.00    0.00   clock network delay (ideal)
                          0.20    0.20   clock uncertainty
                          0.00    0.20   clock reconvergence pessimism
                                  0.20 v _167_/CLK_N (sky130_fd_sc_hd__dfbbn_1)
                          0.09    0.29   library hold time
                                  0.29   data required time
-----------------------------------------------------------------------------
                                  0.29   data required time
                                 -0.35   data arrival time
-----------------------------------------------------------------------------
                                  0.06   slack (MET)


