
===========================================================================
report_checks -path_delay min (Hold)
============================================================================
Startpoint: gpio_defaults[5] (input port clocked by serial_clock)
Endpoint: _169_ (removal check against falling-edge clock serial_load')
Path Group: **async_default**
Path Type: min

Fanout     Cap    Slew   Delay    Time   Description
-----------------------------------------------------------------------------
                  0.15    0.00    0.00   clock serial_clock (rise edge)
                          0.00    0.00   clock network delay (ideal)
                          1.00    1.00 v input external delay
                  0.02    0.01    1.01 v gpio_defaults[5] (in)
     2    0.01                           gpio_defaults[5] (net)
                  0.02    0.00    1.01 v _149_/B (sky130_fd_sc_hd__nand2_2)
                  0.04    0.05    1.06 ^ _149_/Y (sky130_fd_sc_hd__nand2_2)
     1    0.00                           _023_ (net)
                  0.04    0.01    1.06 ^ _169_/SET_B (sky130_fd_sc_hd__dfbbn_2)
                                  1.06   data arrival time

                  0.15    0.00    0.00   clock serial_load' (fall edge)
                          0.00    0.00   clock network delay (ideal)
                          0.20    0.20   clock uncertainty
                          0.00    0.20   clock reconvergence pessimism
                                  0.20 v _169_/CLK_N (sky130_fd_sc_hd__dfbbn_2)
                          0.11    0.31   library removal time
                                  0.31   data required time
-----------------------------------------------------------------------------
                                  0.31   data required time
                                 -1.06   data arrival time
-----------------------------------------------------------------------------
                                  0.75   slack (MET)


Startpoint: gpio_defaults[6] (input port clocked by serial_clock)
Endpoint: _170_ (removal check against falling-edge clock serial_load')
Path Group: **async_default**
Path Type: min

Fanout     Cap    Slew   Delay    Time   Description
-----------------------------------------------------------------------------
                  0.15    0.00    0.00   clock serial_clock (rise edge)
                          0.00    0.00   clock network delay (ideal)
                          1.00    1.00 v input external delay
                  0.02    0.01    1.01 v gpio_defaults[6] (in)
     2    0.01                           gpio_defaults[6] (net)
                  0.02    0.00    1.01 v _153_/B (sky130_fd_sc_hd__nand2_2)
                  0.04    0.05    1.06 ^ _153_/Y (sky130_fd_sc_hd__nand2_2)
     1    0.00                           _025_ (net)
                  0.04    0.01    1.06 ^ _170_/SET_B (sky130_fd_sc_hd__dfbbn_2)
                                  1.06   data arrival time

                  0.15    0.00    0.00   clock serial_load' (fall edge)
                          0.00    0.00   clock network delay (ideal)
                          0.20    0.20   clock uncertainty
                          0.00    0.20   clock reconvergence pessimism
                                  0.20 v _170_/CLK_N (sky130_fd_sc_hd__dfbbn_2)
                          0.11    0.31   library removal time
                                  0.31   data required time
-----------------------------------------------------------------------------
                                  0.31   data required time
                                 -1.06   data arrival time
-----------------------------------------------------------------------------
                                  0.75   slack (MET)


Startpoint: gpio_defaults[7] (input port clocked by serial_clock)
Endpoint: _171_ (removal check against falling-edge clock serial_load')
Path Group: **async_default**
Path Type: min

Fanout     Cap    Slew   Delay    Time   Description
-----------------------------------------------------------------------------
                  0.15    0.00    0.00   clock serial_clock (rise edge)
                          0.00    0.00   clock network delay (ideal)
                          1.00    1.00 v input external delay
                  0.02    0.01    1.01 v gpio_defaults[7] (in)
     2    0.01                           gpio_defaults[7] (net)
                  0.02    0.00    1.01 v _157_/B (sky130_fd_sc_hd__nand2_2)
                  0.04    0.05    1.06 ^ _157_/Y (sky130_fd_sc_hd__nand2_2)
     1    0.00                           _027_ (net)
                  0.04    0.01    1.06 ^ _171_/SET_B (sky130_fd_sc_hd__dfbbn_2)
                                  1.06   data arrival time

                  0.15    0.00    0.00   clock serial_load' (fall edge)
                          0.00    0.00   clock network delay (ideal)
                          0.20    0.20   clock uncertainty
                          0.00    0.20   clock reconvergence pessimism
                                  0.20 v _171_/CLK_N (sky130_fd_sc_hd__dfbbn_2)
                          0.11    0.31   library removal time
                                  0.31   data required time
-----------------------------------------------------------------------------
                                  0.31   data required time
                                 -1.06   data arrival time
-----------------------------------------------------------------------------
                                  0.75   slack (MET)


Startpoint: gpio_defaults[0] (input port clocked by serial_clock)
Endpoint: _159_ (removal check against falling-edge clock serial_load')
Path Group: **async_default**
Path Type: min

Fanout     Cap    Slew   Delay    Time   Description
-----------------------------------------------------------------------------
                  0.15    0.00    0.00   clock serial_clock (rise edge)
                          0.00    0.00   clock network delay (ideal)
                          1.00    1.00 v input external delay
                  0.02    0.01    1.01 v gpio_defaults[0] (in)
     2    0.01                           gpio_defaults[0] (net)
                  0.02    0.00    1.01 v _109_/B (sky130_fd_sc_hd__nand2_2)
                  0.04    0.05    1.06 ^ _109_/Y (sky130_fd_sc_hd__nand2_2)
     1    0.00                           _003_ (net)
                  0.04    0.01    1.07 ^ _159_/SET_B (sky130_fd_sc_hd__dfbbn_2)
                                  1.07   data arrival time

                  0.15    0.00    0.00   clock serial_load' (fall edge)
                          0.00    0.00   clock network delay (ideal)
                          0.20    0.20   clock uncertainty
                          0.00    0.20   clock reconvergence pessimism
                                  0.20 v _159_/CLK_N (sky130_fd_sc_hd__dfbbn_2)
                          0.12    0.32   library removal time
                                  0.32   data required time
-----------------------------------------------------------------------------
                                  0.32   data required time
                                 -1.07   data arrival time
-----------------------------------------------------------------------------
                                  0.75   slack (MET)


Startpoint: gpio_defaults[2] (input port clocked by serial_clock)
Endpoint: _160_ (removal check against falling-edge clock serial_load')
Path Group: **async_default**
Path Type: min

Fanout     Cap    Slew   Delay    Time   Description
-----------------------------------------------------------------------------
                  0.15    0.00    0.00   clock serial_clock (rise edge)
                          0.00    0.00   clock network delay (ideal)
                          1.00    1.00 v input external delay
                  0.02    0.01    1.01 v gpio_defaults[2] (in)
     2    0.01                           gpio_defaults[2] (net)
                  0.02    0.00    1.01 v _113_/B (sky130_fd_sc_hd__nand2_2)
                  0.04    0.05    1.06 ^ _113_/Y (sky130_fd_sc_hd__nand2_2)
     1    0.00                           _005_ (net)
                  0.04    0.01    1.07 ^ _160_/SET_B (sky130_fd_sc_hd__dfbbn_2)
                                  1.07   data arrival time

                  0.15    0.00    0.00   clock serial_load' (fall edge)
                          0.00    0.00   clock network delay (ideal)
                          0.20    0.20   clock uncertainty
                          0.00    0.20   clock reconvergence pessimism
                                  0.20 v _160_/CLK_N (sky130_fd_sc_hd__dfbbn_2)
                          0.12    0.32   library removal time
                                  0.32   data required time
-----------------------------------------------------------------------------
                                  0.32   data required time
                                 -1.07   data arrival time
-----------------------------------------------------------------------------
                                  0.75   slack (MET)


Startpoint: _172_ (rising edge-triggered flip-flop clocked by serial_clock)
Endpoint: _173_ (rising edge-triggered flip-flop clocked by serial_clock)
Path Group: serial_clock
Path Type: min

Fanout     Cap    Slew   Delay    Time   Description
-----------------------------------------------------------------------------
                  0.15    0.00    0.00   clock serial_clock (rise edge)
                          0.00    0.00   clock network delay (ideal)
                  0.15    0.00    0.00 ^ _172_/CLK (sky130_fd_sc_hd__dfrtp_2)
                  0.04    0.36    0.36 ^ _172_/Q (sky130_fd_sc_hd__dfrtp_2)
     2    0.00                           shift_register[0] (net)
                  0.04    0.00    0.36 ^ _173_/D (sky130_fd_sc_hd__dfrtp_2)
                                  0.36   data arrival time

                  0.15    0.00    0.00   clock serial_clock (rise edge)
                          0.00    0.00   clock network delay (ideal)
                          0.20    0.20   clock uncertainty
                          0.00    0.20   clock reconvergence pessimism
                                  0.20 ^ _173_/CLK (sky130_fd_sc_hd__dfrtp_2)
                         -0.02    0.18   library hold time
                                  0.18   data required time
-----------------------------------------------------------------------------
                                  0.18   data required time
                                 -0.36   data arrival time
-----------------------------------------------------------------------------
                                  0.18   slack (MET)


Startpoint: _173_ (rising edge-triggered flip-flop clocked by serial_clock)
Endpoint: _174_ (rising edge-triggered flip-flop clocked by serial_clock)
Path Group: serial_clock
Path Type: min

Fanout     Cap    Slew   Delay    Time   Description
-----------------------------------------------------------------------------
                  0.15    0.00    0.00   clock serial_clock (rise edge)
                          0.00    0.00   clock network delay (ideal)
                  0.15    0.00    0.00 ^ _173_/CLK (sky130_fd_sc_hd__dfrtp_2)
                  0.04    0.36    0.36 ^ _173_/Q (sky130_fd_sc_hd__dfrtp_2)
     2    0.00                           shift_register[1] (net)
                  0.04    0.00    0.36 ^ _174_/D (sky130_fd_sc_hd__dfrtp_2)
                                  0.36   data arrival time

                  0.15    0.00    0.00   clock serial_clock (rise edge)
                          0.00    0.00   clock network delay (ideal)
                          0.20    0.20   clock uncertainty
                          0.00    0.20   clock reconvergence pessimism
                                  0.20 ^ _174_/CLK (sky130_fd_sc_hd__dfrtp_2)
                         -0.02    0.18   library hold time
                                  0.18   data required time
-----------------------------------------------------------------------------
                                  0.18   data required time
                                 -0.36   data arrival time
-----------------------------------------------------------------------------
                                  0.18   slack (MET)


Startpoint: _174_ (rising edge-triggered flip-flop clocked by serial_clock)
Endpoint: _175_ (rising edge-triggered flip-flop clocked by serial_clock)
Path Group: serial_clock
Path Type: min

Fanout     Cap    Slew   Delay    Time   Description
-----------------------------------------------------------------------------
                  0.15    0.00    0.00   clock serial_clock (rise edge)
                          0.00    0.00   clock network delay (ideal)
                  0.15    0.00    0.00 ^ _174_/CLK (sky130_fd_sc_hd__dfrtp_2)
                  0.04    0.36    0.36 ^ _174_/Q (sky130_fd_sc_hd__dfrtp_2)
     2    0.00                           shift_register[2] (net)
                  0.04    0.00    0.36 ^ _175_/D (sky130_fd_sc_hd__dfrtp_2)
                                  0.36   data arrival time

                  0.15    0.00    0.00   clock serial_clock (rise edge)
                          0.00    0.00   clock network delay (ideal)
                          0.20    0.20   clock uncertainty
                          0.00    0.20   clock reconvergence pessimism
                                  0.20 ^ _175_/CLK (sky130_fd_sc_hd__dfrtp_2)
                         -0.02    0.18   library hold time
                                  0.18   data required time
-----------------------------------------------------------------------------
                                  0.18   data required time
                                 -0.36   data arrival time
-----------------------------------------------------------------------------
                                  0.18   slack (MET)


Startpoint: _175_ (rising edge-triggered flip-flop clocked by serial_clock)
Endpoint: _176_ (rising edge-triggered flip-flop clocked by serial_clock)
Path Group: serial_clock
Path Type: min

Fanout     Cap    Slew   Delay    Time   Description
-----------------------------------------------------------------------------
                  0.15    0.00    0.00   clock serial_clock (rise edge)
                          0.00    0.00   clock network delay (ideal)
                  0.15    0.00    0.00 ^ _175_/CLK (sky130_fd_sc_hd__dfrtp_2)
                  0.04    0.36    0.36 ^ _175_/Q (sky130_fd_sc_hd__dfrtp_2)
     2    0.00                           shift_register[3] (net)
                  0.04    0.00    0.36 ^ _176_/D (sky130_fd_sc_hd__dfrtp_2)
                                  0.36   data arrival time

                  0.15    0.00    0.00   clock serial_clock (rise edge)
                          0.00    0.00   clock network delay (ideal)
                          0.20    0.20   clock uncertainty
                          0.00    0.20   clock reconvergence pessimism
                                  0.20 ^ _176_/CLK (sky130_fd_sc_hd__dfrtp_2)
                         -0.02    0.18   library hold time
                                  0.18   data required time
-----------------------------------------------------------------------------
                                  0.18   data required time
                                 -0.36   data arrival time
-----------------------------------------------------------------------------
                                  0.18   slack (MET)


Startpoint: _176_ (rising edge-triggered flip-flop clocked by serial_clock)
Endpoint: _177_ (rising edge-triggered flip-flop clocked by serial_clock)
Path Group: serial_clock
Path Type: min

Fanout     Cap    Slew   Delay    Time   Description
-----------------------------------------------------------------------------
                  0.15    0.00    0.00   clock serial_clock (rise edge)
                          0.00    0.00   clock network delay (ideal)
                  0.15    0.00    0.00 ^ _176_/CLK (sky130_fd_sc_hd__dfrtp_2)
                  0.04    0.36    0.36 ^ _176_/Q (sky130_fd_sc_hd__dfrtp_2)
     2    0.00                           shift_register[4] (net)
                  0.04    0.00    0.36 ^ _177_/D (sky130_fd_sc_hd__dfrtp_2)
                                  0.36   data arrival time

                  0.15    0.00    0.00   clock serial_clock (rise edge)
                          0.00    0.00   clock network delay (ideal)
                          0.20    0.20   clock uncertainty
                          0.00    0.20   clock reconvergence pessimism
                                  0.20 ^ _177_/CLK (sky130_fd_sc_hd__dfrtp_2)
                         -0.02    0.18   library hold time
                                  0.18   data required time
-----------------------------------------------------------------------------
                                  0.18   data required time
                                 -0.36   data arrival time
-----------------------------------------------------------------------------
                                  0.18   slack (MET)


Startpoint: _172_ (rising edge-triggered flip-flop clocked by serial_clock)
Endpoint: _159_ (falling edge-triggered flip-flop clocked by serial_load')
Path Group: serial_load
Path Type: min

Fanout     Cap    Slew   Delay    Time   Description
-----------------------------------------------------------------------------
                  0.15    0.00    0.00   clock serial_clock (rise edge)
                          0.00    0.00   clock network delay (ideal)
                  0.15    0.00    0.00 ^ _172_/CLK (sky130_fd_sc_hd__dfrtp_2)
                  0.04    0.36    0.36 ^ _172_/Q (sky130_fd_sc_hd__dfrtp_2)
     2    0.00                           shift_register[0] (net)
                  0.04    0.00    0.36 ^ _159_/D (sky130_fd_sc_hd__dfbbn_2)
                                  0.36   data arrival time

                  0.15    0.00    0.00   clock serial_load' (fall edge)
                          0.00    0.00   clock network delay (ideal)
                          0.20    0.20   clock uncertainty
                          0.00    0.20   clock reconvergence pessimism
                                  0.20 v _159_/CLK_N (sky130_fd_sc_hd__dfbbn_2)
                          0.09    0.29   library hold time
                                  0.29   data required time
-----------------------------------------------------------------------------
                                  0.29   data required time
                                 -0.36   data arrival time
-----------------------------------------------------------------------------
                                  0.06   slack (MET)


Startpoint: _174_ (rising edge-triggered flip-flop clocked by serial_clock)
Endpoint: _160_ (falling edge-triggered flip-flop clocked by serial_load')
Path Group: serial_load
Path Type: min

Fanout     Cap    Slew   Delay    Time   Description
-----------------------------------------------------------------------------
                  0.15    0.00    0.00   clock serial_clock (rise edge)
                          0.00    0.00   clock network delay (ideal)
                  0.15    0.00    0.00 ^ _174_/CLK (sky130_fd_sc_hd__dfrtp_2)
                  0.04    0.36    0.36 ^ _174_/Q (sky130_fd_sc_hd__dfrtp_2)
     2    0.00                           shift_register[2] (net)
                  0.04    0.00    0.36 ^ _160_/D (sky130_fd_sc_hd__dfbbn_2)
                                  0.36   data arrival time

                  0.15    0.00    0.00   clock serial_load' (fall edge)
                          0.00    0.00   clock network delay (ideal)
                          0.20    0.20   clock uncertainty
                          0.00    0.20   clock reconvergence pessimism
                                  0.20 v _160_/CLK_N (sky130_fd_sc_hd__dfbbn_2)
                          0.09    0.29   library hold time
                                  0.29   data required time
-----------------------------------------------------------------------------
                                  0.29   data required time
                                 -0.36   data arrival time
-----------------------------------------------------------------------------
                                  0.06   slack (MET)


Startpoint: _180_ (rising edge-triggered flip-flop clocked by serial_clock)
Endpoint: _161_ (falling edge-triggered flip-flop clocked by serial_load')
Path Group: serial_load
Path Type: min

Fanout     Cap    Slew   Delay    Time   Description
-----------------------------------------------------------------------------
                  0.15    0.00    0.00   clock serial_clock (rise edge)
                          0.00    0.00   clock network delay (ideal)
                  0.15    0.00    0.00 ^ _180_/CLK (sky130_fd_sc_hd__dfrtp_2)
                  0.04    0.36    0.36 ^ _180_/Q (sky130_fd_sc_hd__dfrtp_2)
     2    0.00                           shift_register[8] (net)
                  0.04    0.00    0.36 ^ _161_/D (sky130_fd_sc_hd__dfbbn_2)
                                  0.36   data arrival time

                  0.15    0.00    0.00   clock serial_load' (fall edge)
                          0.00    0.00   clock network delay (ideal)
                          0.20    0.20   clock uncertainty
                          0.00    0.20   clock reconvergence pessimism
                                  0.20 v _161_/CLK_N (sky130_fd_sc_hd__dfbbn_2)
                          0.09    0.29   library hold time
                                  0.29   data required time
-----------------------------------------------------------------------------
                                  0.29   data required time
                                 -0.36   data arrival time
-----------------------------------------------------------------------------
                                  0.06   slack (MET)


Startpoint: _181_ (rising edge-triggered flip-flop clocked by serial_clock)
Endpoint: _162_ (falling edge-triggered flip-flop clocked by serial_load')
Path Group: serial_load
Path Type: min

Fanout     Cap    Slew   Delay    Time   Description
-----------------------------------------------------------------------------
                  0.15    0.00    0.00   clock serial_clock (rise edge)
                          0.00    0.00   clock network delay (ideal)
                  0.15    0.00    0.00 ^ _181_/CLK (sky130_fd_sc_hd__dfrtp_2)
                  0.04    0.36    0.36 ^ _181_/Q (sky130_fd_sc_hd__dfrtp_2)
     2    0.00                           shift_register[9] (net)
                  0.04    0.00    0.36 ^ _162_/D (sky130_fd_sc_hd__dfbbn_2)
                                  0.36   data arrival time

                  0.15    0.00    0.00   clock serial_load' (fall edge)
                          0.00    0.00   clock network delay (ideal)
                          0.20    0.20   clock uncertainty
                          0.00    0.20   clock reconvergence pessimism
                                  0.20 v _162_/CLK_N (sky130_fd_sc_hd__dfbbn_2)
                          0.09    0.29   library hold time
                                  0.29   data required time
-----------------------------------------------------------------------------
                                  0.29   data required time
                                 -0.36   data arrival time
-----------------------------------------------------------------------------
                                  0.06   slack (MET)


Startpoint: _175_ (rising edge-triggered flip-flop clocked by serial_clock)
Endpoint: _163_ (falling edge-triggered flip-flop clocked by serial_load')
Path Group: serial_load
Path Type: min

Fanout     Cap    Slew   Delay    Time   Description
-----------------------------------------------------------------------------
                  0.15    0.00    0.00   clock serial_clock (rise edge)
                          0.00    0.00   clock network delay (ideal)
                  0.15    0.00    0.00 ^ _175_/CLK (sky130_fd_sc_hd__dfrtp_2)
                  0.04    0.36    0.36 ^ _175_/Q (sky130_fd_sc_hd__dfrtp_2)
     2    0.00                           shift_register[3] (net)
                  0.04    0.00    0.36 ^ _163_/D (sky130_fd_sc_hd__dfbbn_2)
                                  0.36   data arrival time

                  0.15    0.00    0.00   clock serial_load' (fall edge)
                          0.00    0.00   clock network delay (ideal)
                          0.20    0.20   clock uncertainty
                          0.00    0.20   clock reconvergence pessimism
                                  0.20 v _163_/CLK_N (sky130_fd_sc_hd__dfbbn_2)
                          0.09    0.29   library hold time
                                  0.29   data required time
-----------------------------------------------------------------------------
                                  0.29   data required time
                                 -0.36   data arrival time
-----------------------------------------------------------------------------
                                  0.06   slack (MET)


